---
source: crates/wn-vm/src/compiler.rs
expression: chunk.to_string()
---
══ <script> ══
0000     0  Verdad
0001     |  SaltarSiFalso            1 → 000e
0004     |  Pop
0005     |  Constante                0  '1'
0008     |  Lorea
0009     |  Nada
000a     |  Pop
000b     |  Saltar                  11 → 000f
000e     |  Pop
000f     |  RetornarNada
