---
source: crates/wn-vm/src/compiler.rs
expression: chunk.to_string()
---
══ <script> ══
0000     0  Constante                0  '0'
0003     |  DefinirGlobal            1  'i'
0006     |  ObtenerGlobal            2  'i'
0009     |  Constante                3  '3'
000c     |  Lt
000d     |  SaltarSiFalso           13 → 001f
0010     |  Pop
0011     |  ObtenerGlobal            4  'i'
0014     |  Constante                5  '1'
0017     |  Suma
0018     |  AsignarGlobal            6  'i'
001b     |  Pop
001c     |  Loop                    28 → 0006
001f     |  Pop
0020     |  RetornarNada
